evento         tempo_s   quota_km massa_ton    vrel_ms   mach pitch_deg  yaw_deg incid_deg  apoalt_km incl_deg    dv_ms
=======================================================================================================================
P1_START         0.000      0.000     554.0        0.0    0.0      90.0    174.8       0.0       -4.9    28.40      0.0
P1_END           6.771      0.120     534.4       36.1    0.1      90.0    174.8      -0.1       -4.7    28.40    102.3
P2_START         6.771      0.120     534.4       36.1    0.1      88.2    -90.0       0.2       -4.7    28.40    102.3
P2_END          30.000      2.658     467.1      193.7    0.6      76.2     90.0       2.6       -0.3    28.40    486.6
P3_START        30.000      2.658     467.1      193.7    0.6      80.2     90.0      -1.3       -0.3    28.40    486.6
P3_END          36.690      4.110     447.8      251.9    0.8      78.3     90.0      -2.0        2.3    28.40    608.8
P4_START        36.690      4.110     447.8      251.9    0.8      76.3     90.0      -0.0        2.3    28.40    608.8
MACH1           43.479      5.971     428.1      317.7    1.0      72.7     90.0      -0.0        5.8    28.40    738.6
MAXQ            55.367     10.232     393.7      451.3    1.5      66.8     90.0      -0.0       14.3    28.40    981.1
P4_END         141.954     99.936     143.0     2863.8   11.4      41.8     90.0       0.0      326.5    28.40   4051.2
P5_START       141.954     99.936     115.5     2863.8   11.4      41.8     90.0       0.0      326.5    28.40   4051.2
P5_END         200.000    199.201     115.5     2519.2   10.0      33.1     90.0       0.0      326.5    28.40   4051.2
P6_START       200.000    199.201     115.5     2519.2   10.0      33.1     90.2      -0.0      326.5    28.40   4051.2
P6_END         274.738    300.281      94.0     2877.6   11.5      25.8     90.3      -4.3      400.0    28.41   4753.5
P7_START       442.763    404.756      94.0     2538.6   10.1      -8.5     90.6       0.0      400.0    28.41   5630.2
P7_END         442.763    404.756      94.0     2538.6   10.1      -8.5     90.6       0.0      400.0    28.41   5630.2
P8_START       442.763    404.756      24.1     7176.7   28.6      -8.5     90.5       0.0      400.0    28.50   5630.2
P8_END         442.763    404.756      24.1     7176.7   28.6      -8.5     90.5       0.0      400.0    28.50   5630.2
END_INSERTION   442.763    404.756      24.1     7176.7   28.6      -8.5     90.5       0.0      400.0    28.50   5630.2
